../Core/Src/main.c:77:6:HAL_UART_RxCpltCallback	88	static
../Core/Src/main.c:135:5:main	352	static
../Core/Src/main.c:208:6:SystemClock_Config	88	static
../Core/Src/main.c:255:13:MX_ADC1_Init	24	static
../Core/Src/main.c:302:13:MX_TIM1_Init	96	static
../Core/Src/main.c:377:13:MX_USART1_UART_Init	8	static
../Core/Src/main.c:410:13:MX_USART2_UART_Init	8	static
../Core/Src/main.c:443:13:MX_GPIO_Init	40	static
../Core/Src/main.c:480:6:PWM_Reconfigure	104	static
../Core/Src/main.c:505:6:Error_Handler	4	static,ignoring_inline_asm
